// Jest Snapshot v1, https://goo.gl/fbAQLP

exports[`snapshot renders 1`] = `
<div
  className="time-display"
  onClick={[Function]}
>
  <div
    className="time-display-fill"
    style={
      Object {
        "height": "undefined%",
      }
    }
  />
  <label
    className=""
    htmlFor="time-left"
    id="timer-label"
  >
    Session
  </label>
  <div
    className=""
    id="time-left"
  >
    8:08
  </div>
</div>
`;
